Command: C:\env\Espressif\python_env\idf5.5_py3.11_env\Scripts\python.exe C:\env\Espressif\frameworks\esp-idf-v5.5.1\tools/idf_monitor.py -p COM26 -b 115200 --toolchain-prefix riscv32-esp-elf- --target esp32c6 --revision 0 --decode-panic backtrace D:\Program\MekCraft-Labs\embedded-lab\esp32\udp-test\build\udp-test.elf D:\Program\MekCraft-Labs\embedded-lab\esp32\udp-test\build\bootloader\bootloader.elf --force-color -m 'C:\env\Espressif\python_env\idf5.5_py3.11_env\Scripts\python.exe' 'C:\env\Espressif\frameworks\esp-idf-v5.5.1\tools\idf.py' '-B'
ESP-ROM:esp32c6-20220919
Build:Sep 19 2022
rst:0x15 (USB_UART_HPSYS),boot:0x2e (SPI_FAST_FLASH_BOOT)
Saved PC:0x42007cd6
SPIWP:0xee
mode:DIO, clock div:2
load:0x40875730,len:0x1744
load:0x4086b910,len:0xe78
load:0x4086e610,len:0x31c8
entry 0x4086b91a
[0;32mI (23) boot: ESP-IDF v5.5.1-dirty 2nd stage bootloader[0m
[0;32mI (23) boot: compile time Dec  3 2025 01:55:47[0m
[0;32mI (24) boot: chip revision: v0.2[0m
[0;32mI (24) boot: efuse block revision: v0.3[0m
[0;32mI (27) boot.esp32c6: SPI Speed      : 80MHz[0m
[0;32mI (31) boot.esp32c6: SPI Mode       : DIO[0m
[0;32mI (35) boot.esp32c6: SPI Flash Size : 2MB[0m
[0;32mI (38) boot: Enabling RNG early entropy source...[0m
[0;32mI (43) boot: Partition Table:[0m
[0;32mI (45) boot: ## Label            Usage          Type ST Offset   Length[0m
[0;32mI (52) boot:  0 nvs              WiFi data        01 02 00009000 00006000[0m
[0;32mI (58) boot:  1 phy_init         RF data          01 01 0000f000 00001000[0m
[0;32mI (65) boot:  2 factory          factory app      00 00 00010000 00100000[0m
[0;32mI (71) boot: End of partition table[0m
[0;32mI (75) esp_image: segment 0: paddr=00010020 vaddr=420a8020 size=1e87ch (125052) map[0m
[0;32mI (106) esp_image: segment 1: paddr=0002e8a4 vaddr=40800000 size=01774h (  6004) load[0m
[0;32mI (108) esp_image: segment 2: paddr=00030020 vaddr=42000020 size=a13d4h (660436) map[0m
[0;32mI (233) esp_image: segment 3: paddr=000d13fc vaddr=40801774 size=1ae24h (110116) load[0m
[0;32mI (257) esp_image: segment 4: paddr=000ec228 vaddr=4081c5a0 size=03890h ( 14480) load[0m
[0;32mI (267) boot: Loaded app from partition at offset 0x10000[0m
[0;32mI (268) boot: Disabling RNG early entropy source...[0m
[0;32mI (278) cpu_start: Unicore app[0m
[0;32mI (286) cpu_start: Pro cpu start user code[0m
[0;32mI (286) cpu_start: cpu freq: 160000000 Hz[0m
[0;32mI (287) app_init: Application information:[0m
[0;32mI (287) app_init: Project name:     udp-test[0m
[0;32mI (290) app_init: App version:      b1c5fbb-dirty[0m
[0;32mI (295) app_init: Compile time:     Dec  3 2025 01:55:26[0m
[0;32mI (300) app_init: ELF file SHA256:  05f051db2...[0m
[0;32mI (304) app_init: ESP-IDF:          v5.5.1-dirty[0m
[0;32mI (309) efuse_init: Min chip rev:     v0.0[0m
[0;32mI (312) efuse_init: Max chip rev:     v0.99 [0m
[0;32mI (316) efuse_init: Chip rev:         v0.2[0m
[0;32mI (320) heap_init: Initializing. RAM available for dynamic allocation:[0m
[0;32mI (326) heap_init: At 40825B70 len 00056AA0 (346 KiB): RAM[0m
[0;32mI (332) heap_init: At 4087C610 len 00002F54 (11 KiB): RAM[0m
[0;32mI (337) heap_init: At 50000000 len 00003FE8 (15 KiB): RTCRAM[0m
[0;32mI (343) spi_flash: detected chip: gd[0m
[0;32mI (345) spi_flash: flash io: dio[0m
[0;33mW (348) spi_flash: Detected size(16384k) larger than the size in the binary image header(2048k). Using the size in the binary image header.[0m
[0;32mI (361) sleep_gpio: Configure to isolate all GPIO pins in sleep state[0m
[0;32mI (367) sleep_gpio: Enable automatic switching of GPIO sleep configuration[0m
[0;32mI (374) coexist: coex firmware version: b0bcc39[0m
[0;32mI (378) coexist: coexist rom version 5b8dcfa[0m
[0;32mI (382) main_task: Started on CPU0[0m
[0;32mI (382) main_task: Calling app_main()[0m
[0;32mI (402) pp: pp rom version: 5b8dcfa[0m
[0;32mI (402) net80211: net80211 rom version: 5b8dcfa[0m
[0;32mI (412) wifi:wifi driver task: 4082c274, prio:23, stack:6656, core=0[0m
[0;32mI (422) wifi:wifi firmware version: 14da9b7[0m
[0;32mI (422) wifi:wifi certification version: v7.0[0m
[0;32mI (422) wifi:config NVS flash: enabled[0m
[0;32mI (422) wifi:config nano formatting: disabled[0m
[0;32mI (422) wifi:mac_version:HAL_MAC_ESP32AX_761,ut_version:N, band mode:0x1[0m
[0;32mI (432) wifi:Init data frame dynamic rx buffer num: 32[0m
[0;32mI (432) wifi:Init static rx mgmt buffer num: 5[0m
[0;32mI (442) wifi:Init management short buffer num: 32[0m
[0;32mI (442) wifi:Init dynamic tx buffer num: 32[0m
[0;32mI (442) wifi:Init static tx FG buffer num: 2[0m
[0;32mI (452) wifi:Init static rx buffer size: 1700 (rxctrl:92, csi:512)[0m
[0;32mI (452) wifi:Init static rx buffer num: 10[0m
[0;32mI (462) wifi:Init dynamic rx buffer num: 32[0m
[0;32mI (462) wifi_init: rx ba win: 6[0m
[0;32mI (462) wifi_init: accept mbox: 6[0m
[0;32mI (472) wifi_init: tcpip mbox: 32[0m
[0;32mI (472) wifi_init: udp mbox: 6[0m
[0;32mI (472) wifi_init: tcp mbox: 6[0m
[0;32mI (482) wifi_init: tcp tx win: 5760[0m
[0;32mI (482) wifi_init: tcp rx win: 5760[0m
[0;32mI (482) wifi_init: tcp mss: 1440[0m
[0;32mI (482) wifi_init: WiFi IRAM OP enabled[0m
[0;32mI (492) wifi_init: WiFi RX IRAM OP enabled[0m
[0;32mI (492) wifi_init: WiFi SLP IRAM OP enabled[0m
[0;33mW (502) wifi:Password length matches WPA2 standards, authmode threshold changes from OPEN to WPA2[0m
[0;32mI (512) phy_init: phy_version 341,a6c8fe6,Jul 30 2025,18:34:11[0m
[0;33mW (602) wifi:ACK_TAB0   :0x   90a0b, QAM16:0x9 (24Mbps), QPSK:0xa (12Mbps), BPSK:0xb (6Mbps)[0m
[0;33mW (602) wifi:CTS_TAB0   :0x   90a0b, QAM16:0x9 (24Mbps), QPSK:0xa (12Mbps), BPSK:0xb (6Mbps)[0m
[0;33mW (612) wifi:(agc)0x600a7128:0xd21a5a46, min.avgNF:0xce->0xd2(dB), RCalCount:0x1a5, min.RRssi:0xa46(-91.62)[0m
[0;32mI (622) wifi:11ax coex: WDEVAX_PTI0(0x55777555), WDEVAX_PTI1(0x00003377).[0m

[0;32mI (632) wifi:mode : sta (58:8c:81:3c:69:34)[0m
[0;32mI (632) wifi:enable tsf[0m
[0;32mI (632) mdns_mem: mDNS task will be created from internal RAM[0m
UDP server listening on port 12345
[1;31mE (642) spi: spi_bus_initialize(815): invalid dma channel, chip only support spi dma channel auto-alloc[0m
[1;31mE (652) spi_master: spi_master_init_driver(282): host_id not initialized[0m
[0;32mI (652) main_task: Returned from app_main()[0m
[0;32mI (682) wifi:new:<1,0>, old:<1,0>, ap:<255,255>, sta:<1,0>, prof:1, snd_ch_cfg:0x0[0m
[0;32mI (682) wifi:(connect)dot11_authmode:0x3, pairwise_cipher:0x3, group_cipher:0x3[0m
[0;32mI (692) wifi:state: init -> auth (0xb0)[0m
[0;32mI (712) wifi:state: auth -> assoc (0x0)[0m
[0;32mI (712) wifi:state: assoc -> run (0x10)[0m
[0;32mI (712) wifi:(trc)phytype:CBW20-SGI, snr:61, maxRate:144, highestRateIdx:0[0m
[0;33mW (712) wifi:(trc)band:2G, phymode:3, highestRateIdx:0, lowestRateIdx:11, dataSchedTableSize:14[0m
[0;32mI (722) wifi:(trc)band:2G, rate(S-MCS7, rateIdx:0), ampdu(rate:S-MCS7, schedIdx(0, stop:8)), snr:61, ampduState:wait operational[0m
[0;32mI (732) wifi:ifidx:0, rssi:-32, nf:-93, phytype(0x3, CBW20-SGI), phymode(0x3, 11bgn), max_rate:144, he:0, vht:0, ht:1[0m
[0;32mI (742) wifi:(ht)max.RxAMPDULenExponent:3(65535 bytes), MMSS:6(8 us)[0m
[0;32mI (762) wifi:connected with Cialloï½ž(âˆ ãƒ»Ï‰< )âŒ’â˜…, aid = 2, channel 1, BW20, bssid = 24:69:68:3a:79:ac[0m
[0;32mI (762) wifi:security: WPA2-PSK, phy:bgn, rssi:-32, cipher(pairwise:0x3, group:0x3), pmf:0, [0m
[0;32mI (772) wifi:pm start, type: 1, twt_start:0[0m

[0;32mI (772) wifi:pm start, type:1, aid:0x2, trans-BSSID:24:69:68:3a:79:ac, BSSID[5]:0xac, mbssid(max-indicator:0, index:0), he:0[0m
[0;32mI (782) wifi:dp: 1, bi: 102400, li: 3, scale listen interval from 307200 us to 307200 us[0m
[0;32mI (792) wifi:set rx beacon pti, rx_bcn_pti: 10, bcn_timeout: 25000, mt_pti: 10, mt_time: 10000[0m
[0;32mI (802) wifi:[ADDBA]TX addba request, tid:0, dialogtoken:1, bufsize:64, A-MSDU:0(not supported), policy:1(IMR), ssn:0(0x0)[0m
[0;32mI (812) wifi:[ADDBA]TX addba request, tid:7, dialogtoken:2, bufsize:64, A-MSDU:0(not supported), policy:1(IMR), ssn:0(0x20)[0m
[0;32mI (822) wifi:[ADDBA]TX addba request, tid:5, dialogtoken:3, bufsize:64, A-MSDU:0(not supported), policy:1(IMR), ssn:0(0x0)[0m
[0;32mI (832) wifi:AP's beacon interval = 102400 us, DTIM period = 1[0m
[0;32mI (842) wifi:[ADDBA]RX addba response, status:0, tid:0/tb:1(0xa1), bufsize:64, batimeout:0, txa_wnd:64[0m
[0;32mI (842) wifi:[ADDBA]RX addba response, status:0, tid:7/tb:1(0xa1), bufsize:64, batimeout:0, txa_wnd:64[0m
[0;32mI (852) wifi:[ADDBA]RX addba response, status:0, tid:5/tb:1(0xa1), bufsize:64, batimeout:0, txa_wnd:64[0m
[0;33mW (882) wifi:<ba-add>idx:0, ifx:0, tid:0, TAHI:0x100ac79, TALO:0x3a686924, (ssn:0, win:64, cur_ssn:0), CONF:0xc0000005[0m
[0;32mI (2362) esp_netif_handlers: sta ip: 192.168.28.29, mask: 255.255.255.0, gw: 192.168.28.1[0m
Got IP: 192.168.28.29
[1;31mE (10812) spi_master: check_trans_valid(1083): invalid dev handle[0m
SPI transmit failed: 258
[1;31mE (20742) spi_master: check_trans_valid(1083): invalid dev handle[0m
SPI transmit failed: 258
[1;31mE (30772) spi_master: check_trans_valid(1083): invalid dev handle[0m
SPI transmit failed: 258
[1;31mE (40802) spi_master: check_trans_valid(1083): invalid dev handle[0m
SPI transmit failed: 258
[1;31mE (50722) spi_master: check_trans_valid(1083): invalid dev handle[0m
SPI transmit failed: 258
[1;31mE (60752) spi_master: check_trans_valid(1083): invalid dev handle[0m
SPI transmit failed: 258
[1;31mE (70692) spi_master: check_trans_valid(1083): invalid dev handle[0m
SPI transmit failed: 258
[1;31mE (80722) spi_master: check_trans_valid(1083): invalid dev handle[0m
SPI transmit failed: 258
[1;31mE (90742) spi_master: check_trans_valid(1083): invalid dev handle[0m
SPI transmit failed: 258
[1;31mE (100762) spi_master: check_trans_valid(1083): invalid dev handle[0m
SPI transmit failed: 258
[1;31mE (110692) spi_master: check_trans_valid(1083): invalid dev handle[0m
SPI transmit failed: 258
[1;31mE (120822) spi_master: check_trans_valid(1083): invalid dev handle[0m
SPI transmit failed: 258
[1;31mE (130872) spi_master: check_trans_valid(1083): invalid dev handle[0m
SPI transmit failed: 258
[1;31mE (140792) spi_master: check_trans_valid(1083): invalid dev handle[0m
SPI transmit failed: 258
