Command: C:\env\Espressif\python_env\idf5.5_py3.11_env\Scripts\python.exe C:\env\Espressif\frameworks\esp-idf-v5.5.1\tools/idf_monitor.py -p COM26 -b 115200 --toolchain-prefix riscv32-esp-elf- --target esp32c6 --revision 0 --decode-panic backtrace D:\Program\MekCraft-Labs\embedded-lab\esp32\udp-test\build\udp-test.elf D:\Program\MekCraft-Labs\embedded-lab\esp32\udp-test\build\bootloader\bootloader.elf --force-color -m 'C:\env\Espressif\python_env\idf5.5_py3.11_env\Scripts\python.exe' 'C:\env\Espressif\frameworks\esp-idf-v5.5.1\tools\idf.py' '-B'
[0;32mI (340) heap_init: At 5ESP-ROM:esp32c6-20220919[0m
Build:Sep 19 2022
rst:0x15 (USB_UART_HPSYS),boot:0x2e (SPI_FAST_FLASH_BOOT)
Saved PC:0x400294a6
SPIWP:0xee
mode:DIO, clock div:2
load:0x40875730,len:0x1744
load:0x4086b910,len:0xe78
load:0x4086e610,len:0x31c8
entry 0x4086b91a
[0;32mI (23) boot: ESP-IDF v5.5.1-dirty 2nd stage bootloader[0m
[0;32mI (23) boot: compile time Dec  3 2025 01:55:47[0m
[0;32mI (24) boot: chip revision: v0.2[0m
[0;32mI (24) boot: efuse block revision: v0.3[0m
[0;32mI (27) boot.esp32c6: SPI Speed      : 80MHz[0m
[0;32mI (31) boot.esp32c6: SPI Mode       : DIO[0m
[0;32mI (35) boot.esp32c6: SPI Flash Size : 2MB[0m
[0;32mI (38) boot: Enabling RNG early entropy source...[0m
[0;32mI (43) boot: Partition Table:[0m
[0;32mI (45) boot: ## Label            Usage          Type ST Offset   Length[0m
[0;32mI (52) boot:  0 nvs              WiFi data        01 02 00009000 00006000[0m
[0;32mI (58) boot:  1 phy_init         RF data          01 01 0000f000 00001000[0m
[0;32mI (65) boot:  2 factory          factory app      00 00 00010000 00100000[0m
[0;32mI (71) boot: End of partition table[0m
[0;32mI (75) esp_image: segment 0: paddr=00010020 vaddr=420a8020 size=1e87ch (125052) map[0m
[0;32mI (106) esp_image: segment 1: paddr=0002e8a4 vaddr=40800000 size=01774h (  6004) load[0m
[0;32mI (108) esp_image: segment 2: paddr=00030020 vaddr=42000020 size=a13fch (660476) map[0m
[0;32mI (233) esp_image: segment 3: paddr=000d1424 vaddr=40801774 size=1ae24h (110116) load[0m
[0;32mI (257) esp_image: segment 4: paddr=000ec250 vaddr=4081c5a0 size=03890h ( 14480) load[0m
[0;32mI (267) boot: Loaded app from partition at offset 0x10000[0m
[0;32mI (268) boot: Disabling RNG early entropy source...[0m
[0;32mI (278) cpu_start: Unicore app[0m
